Java HotSpot(TM) 64-Bit Server VM (25.162-b12) for linux-amd64 JRE (1.8.0_162-b12), built on Dec 19 2017 21:15:48 by "java_re" with gcc 4.3.0 20080428 (Red Hat 4.3.0-8)
Memory: 4k page, physical 7992216k(3328740k free), swap 1999868k(1999868k free)
CommandLine flags: -XX:InitialHeapSize=127875456 -XX:MaxHeapSize=2046007296 -XX:+PrintGC -XX:+PrintGCDateStamps -XX:+PrintGCDetails -XX:+PrintGCTimeStamps -XX:+UseCompressedClassPointers -XX:+UseCompressedOops -XX:+UseParallelGC 
2018-06-02T21:31:54.321+0800: 18.118: [GC (Allocation Failure) [PSYoungGen: 31232K->2944K(36352K)] 31232K->2960K(119808K), 0.0039133 secs] [Times: user=0.03 sys=0.00, real=0.01 secs] 
2018-06-02T21:31:54.373+0800: 18.170: [GC (Allocation Failure) [PSYoungGen: 34176K->2880K(36352K)] 34192K->2904K(119808K), 0.0030574 secs] [Times: user=0.02 sys=0.00, real=0.00 secs] 
2018-06-02T21:31:54.421+0800: 18.218: [GC (Allocation Failure) [PSYoungGen: 34112K->2880K(36352K)] 34136K->2912K(119808K), 0.0042614 secs] [Times: user=0.03 sys=0.00, real=0.01 secs] 
2018-06-02T21:31:54.471+0800: 18.268: [GC (Allocation Failure) [PSYoungGen: 34112K->2992K(67584K)] 34144K->3032K(151040K), 0.0026028 secs] [Times: user=0.02 sys=0.00, real=0.00 secs] 
2018-06-02T21:31:54.532+0800: 18.328: [GC (Allocation Failure) [PSYoungGen: 65456K->2944K(67584K)] 65496K->2984K(151040K), 0.0041429 secs] [Times: user=0.03 sys=0.00, real=0.00 secs] 
2018-06-02T21:31:54.581+0800: 18.378: [GC (Allocation Failure) [PSYoungGen: 65408K->2944K(128000K)] 65448K->2984K(211456K), 0.0032953 secs] [Times: user=0.02 sys=0.00, real=0.01 secs] 
2018-06-02T21:31:54.682+0800: 18.479: [GC (Allocation Failure) [PSYoungGen: 127872K->352K(128000K)] 127912K->3173K(211456K), 0.0030774 secs] [Times: user=0.01 sys=0.00, real=0.01 secs] 
2018-06-02T21:31:54.752+0800: 18.549: [GC (Allocation Failure) [PSYoungGen: 125280K->384K(252928K)] 128101K->3269K(336384K), 0.0015700 secs] [Times: user=0.00 sys=0.00, real=0.00 secs] 
2018-06-02T21:31:54.940+0800: 18.737: [GC (Allocation Failure) [PSYoungGen: 249728K->480K(253440K)] 252613K->3477K(336896K), 0.0016614 secs] [Times: user=0.01 sys=0.00, real=0.00 secs] 
2018-06-02T21:31:55.085+0800: 18.882: [GC (Allocation Failure) [PSYoungGen: 249824K->448K(402944K)] 252821K->3613K(486400K), 0.0025735 secs] [Times: user=0.01 sys=0.00, real=0.00 secs] 
2018-06-02T21:31:55.395+0800: 19.191: [GC (Allocation Failure) [PSYoungGen: 399296K->320K(403456K)] 402461K->3805K(486912K), 0.0045267 secs] [Times: user=0.02 sys=0.01, real=0.00 secs] 
2018-06-02T21:31:55.698+0800: 19.495: [GC (Allocation Failure) [PSYoungGen: 399168K->384K(643072K)] 402653K->4189K(726528K), 0.0011808 secs] [Times: user=0.00 sys=0.00, real=0.00 secs] 
2018-06-02T21:31:56.165+0800: 19.962: [GC (Allocation Failure) [PSYoungGen: 638848K->576K(643072K)] 642653K->4661K(726528K), 0.0013716 secs] [Times: user=0.00 sys=0.00, real=0.00 secs] 
2018-06-02T21:31:56.499+0800: 20.296: [GC (Allocation Failure) [PSYoungGen: 639040K->512K(660480K)] 643125K->5069K(743936K), 0.0016157 secs] [Times: user=0.00 sys=0.00, real=0.00 secs] 
2018-06-02T21:31:56.852+0800: 20.649: [GC (Allocation Failure) [PSYoungGen: 657408K->480K(660992K)] 661965K->5461K(744448K), 0.0015083 secs] [Times: user=0.01 sys=0.00, real=0.00 secs] 
2018-06-02T21:31:57.244+0800: 21.041: [GC (Allocation Failure) [PSYoungGen: 657376K->512K(626176K)] 662357K->5925K(709632K), 0.0019438 secs] [Times: user=0.01 sys=0.00, real=0.00 secs] 
2018-06-02T21:31:57.557+0800: 21.353: [GC (Allocation Failure) [PSYoungGen: 626176K->608K(600064K)] 631589K->6437K(683520K), 0.0015676 secs] [Times: user=0.01 sys=0.00, real=0.00 secs] 
2018-06-02T21:31:57.869+0800: 21.666: [GC (Allocation Failure) [PSYoungGen: 596576K->352K(658944K)] 602405K->6669K(742400K), 0.0086508 secs] [Times: user=0.00 sys=0.00, real=0.01 secs] 
2018-06-02T21:31:58.270+0800: 22.067: [GC (Allocation Failure) [PSYoungGen: 655200K->512K(658432K)] 661517K->7197K(741888K), 0.0021489 secs] [Times: user=0.00 sys=0.00, real=0.01 secs] 
2018-06-02T21:31:58.593+0800: 22.390: [GC (Allocation Failure) [PSYoungGen: 655360K->480K(624128K)] 662045K->7581K(707584K), 0.0021147 secs] [Times: user=0.01 sys=0.00, real=0.00 secs] 
2018-06-02T21:31:58.921+0800: 22.718: [GC (Allocation Failure) [PSYoungGen: 624096K->480K(598016K)] 631197K->7989K(681472K), 0.0021105 secs] [Times: user=0.01 sys=0.00, real=0.00 secs] 
2018-06-02T21:31:59.218+0800: 23.015: [GC (Allocation Failure) [PSYoungGen: 594912K->480K(566784K)] 602421K->8365K(650240K), 0.0020286 secs] [Times: user=0.01 sys=0.00, real=0.00 secs] 
2018-06-02T21:31:59.496+0800: 23.293: [GC (Allocation Failure) [PSYoungGen: 566752K->448K(542720K)] 574637K->8709K(626176K), 0.0017905 secs] [Times: user=0.01 sys=0.00, real=0.00 secs] 
2018-06-02T21:31:59.769+0800: 23.566: [GC (Allocation Failure) [PSYoungGen: 540096K->736K(515584K)] 548357K->9349K(599040K), 0.0017944 secs] [Times: user=0.01 sys=0.00, real=0.00 secs] 
2018-06-02T21:32:00.041+0800: 23.838: [GC (Allocation Failure) [PSYoungGen: 515296K->512K(493568K)] 523909K->9717K(577024K), 0.0015898 secs] [Times: user=0.01 sys=0.00, real=0.00 secs] 
2018-06-02T21:32:00.289+0800: 24.085: [GC (Allocation Failure) [PSYoungGen: 491008K->480K(467968K)] 500213K->10021K(551424K), 0.0017330 secs] [Times: user=0.00 sys=0.00, real=0.00 secs] 
2018-06-02T21:32:00.516+0800: 24.313: [GC (Allocation Failure) [PSYoungGen: 467936K->448K(448512K)] 477477K->10301K(531968K), 0.0013552 secs] [Times: user=0.00 sys=0.00, real=0.00 secs] 
2018-06-02T21:32:00.734+0800: 24.531: [GC (Allocation Failure) [PSYoungGen: 446400K->416K(425984K)] 456253K->10573K(509440K), 0.0016619 secs] [Times: user=0.00 sys=0.00, real=0.00 secs] 
2018-06-02T21:32:00.974+0800: 24.770: [GC (Allocation Failure) [PSYoungGen: 425888K->448K(408576K)] 436045K->10901K(492032K), 0.0013301 secs] [Times: user=0.00 sys=0.00, real=0.00 secs] 
2018-06-02T21:32:01.185+0800: 24.982: [GC (Allocation Failure) [PSYoungGen: 406464K->320K(388096K)] 416917K->11061K(471552K), 0.0020352 secs] [Times: user=0.00 sys=0.00, real=0.00 secs] 
2018-06-02T21:32:01.376+0800: 25.173: [GC (Allocation Failure) [PSYoungGen: 387904K->288K(371712K)] 398645K->11301K(455168K), 0.0014882 secs] [Times: user=0.00 sys=0.00, real=0.00 secs] 
2018-06-02T21:32:01.554+0800: 25.351: [GC (Allocation Failure) [PSYoungGen: 369952K->288K(353280K)] 380965K->11549K(436736K), 0.0018389 secs] [Times: user=0.00 sys=0.01, real=0.00 secs] 
2018-06-02T21:32:01.727+0800: 25.524: [GC (Allocation Failure) [PSYoungGen: 353056K->384K(338944K)] 364317K->11901K(422400K), 0.0023422 secs] [Times: user=0.01 sys=0.00, real=0.00 secs] 
2018-06-02T21:32:01.920+0800: 25.717: [GC (Allocation Failure) [PSYoungGen: 337280K->288K(322048K)] 348797K->12037K(405504K), 0.0020821 secs] [Times: user=0.01 sys=0.00, real=0.00 secs] 
2018-06-02T21:32:02.083+0800: 25.880: [GC (Allocation Failure) [PSYoungGen: 321824K->256K(309248K)] 333573K->12229K(392704K), 0.0011921 secs] [Times: user=0.00 sys=0.00, real=0.01 secs] 
2018-06-02T21:32:02.241+0800: 26.038: [GC (Allocation Failure) [PSYoungGen: 307456K->288K(293888K)] 319429K->12485K(377344K), 0.0019967 secs] [Times: user=0.00 sys=0.01, real=0.01 secs] 
2018-06-02T21:32:02.381+0800: 26.178: [GC (Allocation Failure) [PSYoungGen: 293664K->256K(282624K)] 305861K->12661K(366080K), 0.0013665 secs] [Times: user=0.01 sys=0.00, real=0.00 secs] 
2018-06-02T21:32:02.518+0800: 26.315: [GC (Allocation Failure) [PSYoungGen: 280832K->256K(268800K)] 293237K->12861K(352256K), 0.0015362 secs] [Times: user=0.01 sys=0.00, real=0.00 secs] 
2018-06-02T21:32:02.651+0800: 26.448: [GC (Allocation Failure) [PSYoungGen: 268544K->288K(336896K)] 281149K->13077K(420352K), 0.0016572 secs] [Times: user=0.00 sys=0.00, real=0.01 secs] 
2018-06-02T21:32:02.826+0800: 26.622: [GC (Allocation Failure) [PSYoungGen: 335648K->320K(419840K)] 348437K->13293K(503296K), 0.0023089 secs] [Times: user=0.01 sys=0.00, real=0.00 secs] 
2018-06-02T21:32:03.047+0800: 26.844: [GC (Allocation Failure) [PSYoungGen: 419648K->384K(401408K)] 432621K->13581K(484864K), 0.0012735 secs] [Times: user=0.01 sys=0.00, real=0.00 secs] 
2018-06-02T21:32:03.252+0800: 27.049: [GC (Allocation Failure) [PSYoungGen: 400256K->320K(381952K)] 413453K->13797K(465408K), 0.0017758 secs] [Times: user=0.01 sys=0.00, real=0.00 secs] 
2018-06-02T21:32:03.438+0800: 27.235: [GC (Allocation Failure) [PSYoungGen: 381760K->288K(365568K)] 395237K->14037K(449024K), 0.0014778 secs] [Times: user=0.01 sys=0.00, real=0.00 secs] 
2018-06-02T21:32:03.618+0800: 27.415: [GC (Allocation Failure) [PSYoungGen: 364320K->288K(348160K)] 378069K->14285K(431616K), 0.0016194 secs] [Times: user=0.00 sys=0.00, real=0.00 secs] 
2018-06-02T21:32:03.789+0800: 27.585: [GC (Allocation Failure) [PSYoungGen: 347936K->256K(332800K)] 361933K->14501K(416256K), 0.0015005 secs] [Times: user=0.01 sys=0.00, real=0.00 secs] 
2018-06-02T21:32:03.979+0800: 27.776: [GC (Allocation Failure) [PSYoungGen: 332032K->256K(317440K)] 346277K->14733K(400896K), 0.0013729 secs] [Times: user=0.00 sys=0.00, real=0.00 secs] 
2018-06-02T21:32:04.143+0800: 27.940: [GC (Allocation Failure) [PSYoungGen: 317184K->256K(303616K)] 331661K->14965K(387072K), 0.0019373 secs] [Times: user=0.01 sys=0.00, real=0.01 secs] 
2018-06-02T21:32:04.296+0800: 28.093: [GC (Allocation Failure) [PSYoungGen: 302848K->256K(289792K)] 317557K->15189K(373248K), 0.0015737 secs] [Times: user=0.00 sys=0.00, real=0.00 secs] 
2018-06-02T21:32:04.434+0800: 28.231: [GC (Allocation Failure) [PSYoungGen: 289536K->288K(277504K)] 304469K->15413K(360960K), 0.0015595 secs] [Times: user=0.01 sys=0.00, real=0.00 secs] 
2018-06-02T21:32:04.577+0800: 28.374: [GC (Allocation Failure) [PSYoungGen: 276768K->768K(335872K)] 291893K->16085K(419328K), 0.0021014 secs] [Times: user=0.01 sys=0.00, real=0.00 secs] 
2018-06-02T21:32:04.741+0800: 28.538: [GC (Allocation Failure) [PSYoungGen: 335616K->256K(406016K)] 350933K->16269K(489472K), 0.0024218 secs] [Times: user=0.01 sys=0.00, real=0.01 secs] 
2018-06-02T21:32:05.020+0800: 28.817: [GC (Allocation Failure) [PSYoungGen: 405760K->352K(491520K)] 421773K->16581K(574976K), 0.0024772 secs] [Times: user=0.02 sys=0.00, real=0.00 secs] 
2018-06-02T21:32:05.312+0800: 29.109: [GC (Allocation Failure) [PSYoungGen: 491360K->448K(595456K)] 507589K->16957K(678912K), 0.0031774 secs] [Times: user=0.01 sys=0.00, real=0.00 secs] 
2018-06-02T21:32:05.605+0800: 29.402: [GC (Allocation Failure) [PSYoungGen: 594880K->480K(566784K)] 611389K->17309K(650240K), 0.0017322 secs] [Times: user=0.01 sys=0.00, real=0.00 secs] 
2018-06-02T21:32:05.898+0800: 29.695: [GC (Allocation Failure) [PSYoungGen: 566752K->384K(540672K)] 583581K->17581K(624128K), 0.0026263 secs] [Times: user=0.02 sys=0.00, real=0.00 secs] 
2018-06-02T21:32:06.177+0800: 29.974: [GC (Allocation Failure) [PSYoungGen: 540032K->448K(515072K)] 557229K->18005K(598528K), 0.0017775 secs] [Times: user=0.00 sys=0.00, real=0.00 secs] 
2018-06-02T21:32:06.428+0800: 30.225: [GC (Allocation Failure) [PSYoungGen: 515008K->480K(491520K)] 532565K->18389K(574976K), 0.0017492 secs] [Times: user=0.00 sys=0.00, real=0.00 secs] 
2018-06-02T21:32:06.669+0800: 30.466: [GC (Allocation Failure) [PSYoungGen: 490976K->448K(467968K)] 508885K->18685K(551424K), 0.0022895 secs] [Times: user=0.01 sys=0.01, real=0.01 secs] 
2018-06-02T21:32:06.917+0800: 30.714: [GC (Allocation Failure) [PSYoungGen: 467904K->384K(446976K)] 486141K->18933K(530432K), 0.0020436 secs] [Times: user=0.01 sys=0.00, real=0.00 secs] 
2018-06-02T21:32:07.151+0800: 30.948: [GC (Allocation Failure) [PSYoungGen: 446336K->320K(425984K)] 464885K->19173K(509440K), 0.0029864 secs] [Times: user=0.01 sys=0.00, real=0.00 secs] 
2018-06-02T21:32:07.370+0800: 31.167: [GC (Allocation Failure) [PSYoungGen: 425792K->448K(407040K)] 444645K->19589K(490496K), 0.0017358 secs] [Times: user=0.01 sys=0.00, real=0.01 secs] 
2018-06-02T21:32:07.577+0800: 31.373: [GC (Allocation Failure) [PSYoungGen: 406464K->448K(388096K)] 425605K->19869K(471552K), 0.0014671 secs] [Times: user=0.01 sys=0.00, real=0.00 secs] 
2018-06-02T21:32:07.766+0800: 31.563: [GC (Allocation Failure) [PSYoungGen: 388032K->288K(370688K)] 407453K->19973K(454144K), 0.0017263 secs] [Times: user=0.01 sys=0.00, real=0.00 secs] 
2018-06-02T21:32:07.988+0800: 31.785: [GC (Allocation Failure) [PSYoungGen: 369952K->448K(353280K)] 389637K->20389K(436736K), 0.0016660 secs] [Times: user=0.01 sys=0.00, real=0.00 secs] 
2018-06-02T21:32:08.169+0800: 31.965: [GC (Allocation Failure) [PSYoungGen: 353216K->256K(337920K)] 373157K->20437K(421376K), 0.0014975 secs] [Times: user=0.00 sys=0.00, real=0.00 secs] 
2018-06-02T21:32:08.337+0800: 32.133: [GC (Allocation Failure) [PSYoungGen: 337152K->256K(322048K)] 357333K->20677K(405504K), 0.0020066 secs] [Times: user=0.01 sys=0.00, real=0.00 secs] 
2018-06-02T21:32:08.498+0800: 32.295: [GC (Allocation Failure) [PSYoungGen: 321792K->256K(308224K)] 342213K->20909K(391680K), 0.0016709 secs] [Times: user=0.00 sys=0.00, real=0.00 secs] 
2018-06-02T21:32:08.652+0800: 32.448: [GC (Allocation Failure) [PSYoungGen: 307456K->256K(293888K)] 328109K->21133K(377344K), 0.0011997 secs] [Times: user=0.00 sys=0.00, real=0.00 secs] 
2018-06-02T21:32:08.795+0800: 32.592: [GC (Allocation Failure) [PSYoungGen: 293632K->256K(281600K)] 314509K->21341K(365056K), 0.0012163 secs] [Times: user=0.01 sys=0.00, real=0.00 secs] 
2018-06-02T21:32:08.962+0800: 32.759: [GC (Allocation Failure) [PSYoungGen: 280832K->256K(268800K)] 301917K->21525K(352256K), 0.0013153 secs] [Times: user=0.00 sys=0.00, real=0.01 secs] 
2018-06-02T21:32:09.095+0800: 32.892: [GC (Allocation Failure) [PSYoungGen: 268544K->256K(257536K)] 289813K->21725K(340992K), 0.0015470 secs] [Times: user=0.01 sys=0.00, real=0.00 secs] 
2018-06-02T21:32:09.227+0800: 33.023: [GC (Allocation Failure) [PSYoungGen: 256768K->256K(245760K)] 278237K->21909K(329216K), 0.0013242 secs] [Times: user=0.00 sys=0.00, real=0.00 secs] 
2018-06-02T21:32:09.344+0800: 33.141: [GC (Allocation Failure) [PSYoungGen: 245504K->224K(235520K)] 267157K->22069K(318976K), 0.0011976 secs] [Times: user=0.00 sys=0.00, real=0.00 secs] 
2018-06-02T21:32:09.458+0800: 33.255: [GC (Allocation Failure) [PSYoungGen: 234720K->256K(224768K)] 256565K->22269K(308224K), 0.0014575 secs] [Times: user=0.00 sys=0.00, real=0.00 secs] 
2018-06-02T21:32:09.571+0800: 33.367: [GC (Allocation Failure) [PSYoungGen: 224512K->256K(270336K)] 246525K->22437K(353792K), 0.0016823 secs] [Times: user=0.01 sys=0.00, real=0.01 secs] 
2018-06-02T21:32:09.701+0800: 33.497: [GC (Allocation Failure) [PSYoungGen: 269568K->256K(324096K)] 291749K->22605K(407552K), 0.0016972 secs] [Times: user=0.00 sys=0.00, real=0.00 secs] 
2018-06-02T21:32:09.887+0800: 33.684: [GC (Allocation Failure) [PSYoungGen: 323840K->256K(389632K)] 346189K->22773K(473088K), 0.0031522 secs] [Times: user=0.02 sys=0.00, real=0.00 secs] 
2018-06-02T21:32:10.095+0800: 33.891: [GC (Allocation Failure) [PSYoungGen: 388864K->352K(466944K)] 411381K->23093K(550400K), 0.0017764 secs] [Times: user=0.00 sys=0.00, real=0.00 secs] 
2018-06-02T21:32:10.330+0800: 34.127: [GC (Allocation Failure) [PSYoungGen: 466784K->448K(560640K)] 489525K->23445K(644096K), 0.0022066 secs] [Times: user=0.01 sys=0.00, real=0.01 secs] 
2018-06-02T21:32:10.603+0800: 34.400: [GC (Allocation Failure) [PSYoungGen: 560576K->480K(534528K)] 583573K->23789K(617984K), 0.0015455 secs] [Times: user=0.01 sys=0.00, real=0.01 secs] 
2018-06-02T21:32:10.872+0800: 34.669: [GC (Allocation Failure) [PSYoungGen: 534496K->384K(509952K)] 557805K->24037K(593408K), 0.0027140 secs] [Times: user=0.02 sys=0.00, real=0.00 secs] 
2018-06-02T21:32:11.139+0800: 34.936: [GC (Allocation Failure) [PSYoungGen: 509312K->448K(485888K)] 532965K->24445K(569344K), 0.0019783 secs] [Times: user=0.01 sys=0.00, real=0.00 secs] 
2018-06-02T21:32:11.375+0800: 35.172: [GC (Allocation Failure) [PSYoungGen: 485824K->480K(463872K)] 509821K->24797K(547328K), 0.0016516 secs] [Times: user=0.01 sys=0.00, real=0.00 secs] 
2018-06-02T21:32:11.603+0800: 35.400: [GC (Allocation Failure) [PSYoungGen: 463328K->448K(441856K)] 487645K->25085K(525312K), 0.0018958 secs] [Times: user=0.00 sys=0.00, real=0.01 secs] 
2018-06-02T21:32:11.829+0800: 35.626: [GC (Allocation Failure) [PSYoungGen: 441792K->416K(421888K)] 466429K->25349K(505344K), 0.0028837 secs] [Times: user=0.01 sys=0.00, real=0.01 secs] 
2018-06-02T21:32:12.066+0800: 35.863: [GC (Allocation Failure) [PSYoungGen: 421280K->384K(401920K)] 446213K->25597K(485376K), 0.0024420 secs] [Times: user=0.02 sys=0.00, real=0.00 secs] 
2018-06-02T21:32:12.284+0800: 36.081: [GC (Allocation Failure) [PSYoungGen: 401792K->352K(384000K)] 427005K->25837K(467456K), 0.0014397 secs] [Times: user=0.01 sys=0.00, real=0.00 secs] 
2018-06-02T21:32:12.472+0800: 36.269: [GC (Allocation Failure) [PSYoungGen: 383328K->352K(366080K)] 408813K->26093K(449536K), 0.0019696 secs] [Times: user=0.00 sys=0.00, real=0.00 secs] 
2018-06-02T21:32:12.649+0800: 36.446: [GC (Allocation Failure) [PSYoungGen: 365920K->256K(350208K)] 391661K->26261K(433664K), 0.0014898 secs] [Times: user=0.01 sys=0.00, real=0.00 secs] 
2018-06-02T21:32:12.822+0800: 36.619: [GC (Allocation Failure) [PSYoungGen: 349440K->256K(419840K)] 375445K->26493K(503296K), 0.0065139 secs] [Times: user=0.03 sys=0.00, real=0.01 secs] 
2018-06-02T21:32:13.070+0800: 36.867: [GC (Allocation Failure) [PSYoungGen: 419584K->384K(504320K)] 445821K->26861K(587776K), 0.0016540 secs] [Times: user=0.01 sys=0.00, real=0.01 secs] 
2018-06-02T21:32:13.318+0800: 37.115: [GC (Allocation Failure) [PSYoungGen: 503680K->448K(604672K)] 530157K->27197K(688128K), 0.0020145 secs] [Times: user=0.01 sys=0.00, real=0.00 secs] 
2018-06-02T21:32:13.616+0800: 37.413: [GC (Allocation Failure) [PSYoungGen: 604608K->480K(629760K)] 631357K->27549K(713216K), 0.0019569 secs] [Times: user=0.01 sys=0.00, real=0.00 secs] 
2018-06-02T21:32:13.954+0800: 37.751: [GC (Allocation Failure) [PSYoungGen: 629216K->448K(599552K)] 656285K->27901K(683008K), 0.0024229 secs] [Times: user=0.01 sys=0.01, real=0.00 secs] 
2018-06-02T21:32:14.257+0800: 38.054: [GC (Allocation Failure) [PSYoungGen: 599488K->448K(571904K)] 626941K->28293K(655360K), 0.0018269 secs] [Times: user=0.01 sys=0.00, real=0.00 secs] 
2018-06-02T21:32:14.551+0800: 38.348: [GC (Allocation Failure) [PSYoungGen: 571328K->416K(664576K)] 599173K->29653K(748032K), 0.0051392 secs] [Times: user=0.02 sys=0.00, real=0.00 secs] 
2018-06-02T21:32:14.912+0800: 38.709: [GC (Allocation Failure) [PSYoungGen: 663968K->448K(664576K)] 693205K->30061K(748032K), 0.0032257 secs] [Times: user=0.02 sys=0.00, real=0.00 secs] 
2018-06-02T21:32:15.280+0800: 39.076: [GC (Allocation Failure) [PSYoungGen: 664000K->512K(632832K)] 693613K->30565K(716288K), 0.0023155 secs] [Times: user=0.01 sys=0.00, real=0.00 secs] 
2018-06-02T21:32:15.600+0800: 39.397: [GC (Allocation Failure) [PSYoungGen: 632832K->512K(603648K)] 662885K->30989K(687104K), 0.0018269 secs] [Times: user=0.01 sys=0.00, real=0.00 secs] 
2018-06-02T21:32:15.923+0800: 39.720: [GC (Allocation Failure) [PSYoungGen: 603136K->480K(574976K)] 633613K->31373K(658432K), 0.0018567 secs] [Times: user=0.01 sys=0.00, real=0.01 secs] 
2018-06-02T21:32:16.215+0800: 40.012: [GC (Allocation Failure) [PSYoungGen: 574944K->480K(548352K)] 605837K->31781K(631808K), 0.0021138 secs] [Times: user=0.01 sys=0.00, real=0.00 secs] 
2018-06-02T21:32:16.485+0800: 40.281: [GC (Allocation Failure) [PSYoungGen: 547808K->448K(522240K)] 579109K->32125K(605696K), 0.0020542 secs] [Times: user=0.01 sys=0.00, real=0.00 secs] 
2018-06-02T21:32:16.742+0800: 40.539: [GC (Allocation Failure) [PSYoungGen: 522176K->416K(498176K)] 553853K->32429K(581632K), 0.0018281 secs] [Times: user=0.00 sys=0.00, real=0.01 secs] 
2018-06-02T21:32:17.021+0800: 40.818: [GC (Allocation Failure) [PSYoungGen: 497568K->416K(474624K)] 529581K->32749K(558080K), 0.0017284 secs] [Times: user=0.01 sys=0.00, real=0.01 secs] 
2018-06-02T21:32:17.261+0800: 41.058: [GC (Allocation Failure) [PSYoungGen: 474528K->416K(453120K)] 506861K->33077K(536576K), 0.0016497 secs] [Times: user=0.01 sys=0.00, real=0.00 secs] 
2018-06-02T21:32:17.476+0800: 41.273: [GC (Allocation Failure) [PSYoungGen: 452512K->416K(431616K)] 485173K->33373K(515072K), 0.0021490 secs] [Times: user=0.01 sys=0.00, real=0.00 secs] 
2018-06-02T21:32:17.684+0800: 41.481: [GC (Allocation Failure) [PSYoungGen: 431520K->416K(412160K)] 464477K->33661K(495616K), 0.0020134 secs] [Times: user=0.00 sys=0.00, real=0.00 secs] 
2018-06-02T21:32:17.906+0800: 41.703: [GC (Allocation Failure) [PSYoungGen: 411552K->384K(392704K)] 444797K->33917K(476160K), 0.0016089 secs] [Times: user=0.00 sys=0.00, real=0.00 secs] 
2018-06-02T21:32:18.108+0800: 41.905: [GC (Allocation Failure) [PSYoungGen: 392576K->320K(375296K)] 426109K->34109K(458752K), 0.0021319 secs] [Times: user=0.01 sys=0.00, real=0.00 secs] 
2018-06-02T21:32:18.293+0800: 42.090: [GC (Allocation Failure) [PSYoungGen: 374592K->384K(357888K)] 408381K->34437K(441344K), 0.0017457 secs] [Times: user=0.01 sys=0.00, real=0.00 secs] 
2018-06-02T21:32:18.470+0800: 42.267: [GC (Allocation Failure) [PSYoungGen: 357760K->288K(342016K)] 391813K->34589K(425472K), 0.0018024 secs] [Times: user=0.01 sys=0.00, real=0.01 secs] 
2018-06-02T21:32:18.638+0800: 42.434: [GC (Allocation Failure) [PSYoungGen: 341280K->320K(326144K)] 375581K->34869K(409600K), 0.0014190 secs] [Times: user=0.00 sys=0.00, real=0.00 secs] 
2018-06-02T21:32:18.792+0800: 42.589: [GC (Allocation Failure) [PSYoungGen: 325952K->320K(311808K)] 360501K->35093K(395264K), 0.0014780 secs] [Times: user=0.00 sys=0.00, real=0.00 secs] 
2018-06-02T21:32:18.970+0800: 42.767: [GC (Allocation Failure) [PSYoungGen: 311104K->256K(297472K)] 345877K->35245K(380928K), 0.0021703 secs] [Times: user=0.01 sys=0.00, real=0.01 secs] 
2018-06-02T21:32:19.118+0800: 42.915: [GC (Allocation Failure) [PSYoungGen: 297216K->256K(357376K)] 332205K->35469K(440832K), 0.0020008 secs] [Times: user=0.00 sys=0.00, real=0.00 secs] 
2018-06-02T21:32:19.296+0800: 43.093: [GC (Allocation Failure) [PSYoungGen: 356608K->384K(340992K)] 391821K->35797K(424448K), 0.0013765 secs] [Times: user=0.01 sys=0.00, real=0.00 secs] 
2018-06-02T21:32:19.459+0800: 43.256: [GC (Allocation Failure) [PSYoungGen: 340864K->384K(326144K)] 376277K->36037K(409600K), 0.0016507 secs] [Times: user=0.00 sys=0.00, real=0.00 secs] 
2018-06-02T21:32:19.619+0800: 43.416: [GC (Allocation Failure) [PSYoungGen: 325504K->288K(311296K)] 361157K->36165K(394752K), 0.0015010 secs] [Times: user=0.01 sys=0.00, real=0.00 secs] 
2018-06-02T21:32:19.769+0800: 43.566: [GC (Allocation Failure) [PSYoungGen: 311072K->256K(374272K)] 346949K->36357K(457728K), 0.0018961 secs] [Times: user=0.00 sys=0.00, real=0.00 secs] 
2018-06-02T21:32:19.980+0800: 43.777: [GC (Allocation Failure) [PSYoungGen: 373504K->320K(448512K)] 409605K->36629K(531968K), 0.0035665 secs] [Times: user=0.02 sys=0.00, real=0.01 secs] 
2018-06-02T21:32:20.203+0800: 44.000: [GC (Allocation Failure) [PSYoungGen: 448320K->416K(538112K)] 484629K->36973K(621568K), 0.0019131 secs] [Times: user=0.01 sys=0.00, real=0.01 secs] 
2018-06-02T21:32:20.464+0800: 44.261: [GC (Allocation Failure) [PSYoungGen: 538016K->448K(513024K)] 574573K->37293K(596480K), 0.0017794 secs] [Times: user=0.01 sys=0.00, real=0.00 secs] 
2018-06-02T21:32:20.712+0800: 44.509: [GC (Allocation Failure) [PSYoungGen: 512960K->384K(616448K)] 549805K->37557K(699904K), 0.0040684 secs] [Times: user=0.02 sys=0.00, real=0.00 secs] 
2018-06-02T21:32:21.058+0800: 44.855: [GC (Allocation Failure) [PSYoungGen: 615808K->480K(658944K)] 652981K->37973K(742400K), 0.0043884 secs] [Times: user=0.02 sys=0.00, real=0.00 secs] 
2018-06-02T21:32:21.388+0800: 45.185: [GC (Allocation Failure) [PSYoungGen: 658400K->480K(658944K)] 695893K->38349K(742400K), 0.0019018 secs] [Times: user=0.01 sys=0.00, real=0.00 secs] 
2018-06-02T21:32:21.706+0800: 45.503: [GC (Allocation Failure) [PSYoungGen: 658400K->480K(627200K)] 696269K->38765K(710656K), 0.0020596 secs] [Times: user=0.01 sys=0.00, real=0.00 secs] 
2018-06-02T21:32:22.040+0800: 45.837: [GC (Allocation Failure) [PSYoungGen: 627168K->480K(598016K)] 665453K->39173K(681472K), 0.0021085 secs] [Times: user=0.01 sys=0.00, real=0.00 secs] 
2018-06-02T21:32:22.336+0800: 46.132: [GC (Allocation Failure) [PSYoungGen: 597472K->480K(569344K)] 636165K->39557K(652800K), 0.0018151 secs] [Times: user=0.01 sys=0.00, real=0.00 secs] 
2018-06-02T21:32:22.612+0800: 46.408: [GC (Allocation Failure) [PSYoungGen: 569312K->448K(543232K)] 608389K->39901K(626688K), 0.0023131 secs] [Times: user=0.01 sys=0.00, real=0.00 secs] 
2018-06-02T21:32:22.897+0800: 46.694: [GC (Allocation Failure) [PSYoungGen: 542656K->448K(517120K)] 582109K->40253K(600576K), 0.0023514 secs] [Times: user=0.02 sys=0.00, real=0.00 secs] 
2018-06-02T21:32:23.161+0800: 46.958: [GC (Allocation Failure) [PSYoungGen: 517056K->448K(493568K)] 556861K->40597K(577024K), 0.0017575 secs] [Times: user=0.01 sys=0.00, real=0.00 secs] 
2018-06-02T21:32:23.406+0800: 47.203: [GC (Allocation Failure) [PSYoungGen: 492992K->448K(470016K)] 533141K->40925K(553472K), 0.0022505 secs] [Times: user=0.01 sys=0.00, real=0.00 secs] 
2018-06-02T21:32:23.633+0800: 47.429: [GC (Allocation Failure) [PSYoungGen: 469952K->416K(449024K)] 510429K->41189K(532480K), 0.0016437 secs] [Times: user=0.00 sys=0.00, real=0.00 secs] 
2018-06-02T21:32:23.888+0800: 47.685: [GC (Allocation Failure) [PSYoungGen: 448416K->352K(538112K)] 489189K->41421K(621568K), 0.0051215 secs] [Times: user=0.03 sys=0.00, real=0.01 secs] 
2018-06-02T21:32:24.171+0800: 47.968: [GC (Allocation Failure) [PSYoungGen: 537952K->448K(646144K)] 579021K->41797K(729600K), 0.0061436 secs] [Times: user=0.04 sys=0.00, real=0.00 secs] 
2018-06-02T21:32:24.491+0800: 48.288: [GC (Allocation Failure) [PSYoungGen: 645568K->512K(662528K)] 686917K->42197K(745984K), 0.0022373 secs] [Times: user=0.01 sys=0.00, real=0.00 secs] 
2018-06-02T21:32:24.826+0800: 48.623: [GC (Allocation Failure) [PSYoungGen: 662016K->512K(662528K)] 703701K->42581K(745984K), 0.0027251 secs] [Times: user=0.02 sys=0.00, real=0.00 secs] 
2018-06-02T21:32:25.195+0800: 48.991: [GC (Allocation Failure) [PSYoungGen: 662016K->480K(630784K)] 704085K->42965K(714240K), 0.0020945 secs] [Times: user=0.02 sys=0.00, real=0.00 secs] 
2018-06-02T21:32:25.498+0800: 49.294: [GC (Allocation Failure) [PSYoungGen: 630752K->448K(601600K)] 673237K->43333K(685056K), 0.0016837 secs] [Times: user=0.01 sys=0.00, real=0.00 secs] 
2018-06-02T21:32:25.792+0800: 49.589: [GC (Allocation Failure) [PSYoungGen: 601024K->416K(572928K)] 643909K->43685K(656384K), 0.0028840 secs] [Times: user=0.02 sys=0.00, real=0.00 secs] 
2018-06-02T21:32:26.097+0800: 49.894: [GC (Allocation Failure) [PSYoungGen: 572832K->416K(546304K)] 616101K->44061K(629760K), 0.0023454 secs] [Times: user=0.01 sys=0.01, real=0.00 secs] 
2018-06-02T21:32:26.369+0800: 50.166: [GC (Allocation Failure) [PSYoungGen: 545696K->416K(520192K)] 589341K->44413K(603648K), 0.0018607 secs] [Times: user=0.01 sys=0.00, real=0.00 secs] 
2018-06-02T21:32:26.625+0800: 50.422: [GC (Allocation Failure) [PSYoungGen: 520096K->416K(496640K)] 564093K->44757K(580096K), 0.0019172 secs] [Times: user=0.01 sys=0.00, real=0.00 secs] 
2018-06-02T21:32:26.883+0800: 50.680: [GC (Allocation Failure) [PSYoungGen: 496032K->416K(473088K)] 540373K->45077K(556544K), 0.0026174 secs] [Times: user=0.01 sys=0.00, real=0.01 secs] 
2018-06-02T21:32:27.138+0800: 50.935: [GC (Allocation Failure) [PSYoungGen: 472992K->416K(451584K)] 517653K->45389K(535040K), 0.0019329 secs] [Times: user=0.01 sys=0.00, real=0.00 secs] 
2018-06-02T21:32:27.365+0800: 51.162: [GC (Allocation Failure) [PSYoungGen: 450976K->384K(430080K)] 495949K->45661K(513536K), 0.0024836 secs] [Times: user=0.01 sys=0.00, real=0.00 secs] 
2018-06-02T21:32:27.572+0800: 51.369: [GC (Allocation Failure) [PSYoungGen: 429952K->384K(410624K)] 475229K->45957K(494080K), 0.0017759 secs] [Times: user=0.01 sys=0.00, real=0.00 secs] 
2018-06-02T21:32:27.774+0800: 51.571: [GC (Allocation Failure) [PSYoungGen: 409984K->416K(391168K)] 455557K->46269K(474624K), 0.0016608 secs] [Times: user=0.01 sys=0.00, real=0.00 secs] 
2018-06-02T21:32:27.998+0800: 51.795: [GC (Allocation Failure) [PSYoungGen: 391072K->416K(373760K)] 436925K->46533K(457216K), 0.0015920 secs] [Times: user=0.01 sys=0.00, real=0.00 secs] 
2018-06-02T21:32:28.188+0800: 51.985: [GC (Allocation Failure) [PSYoungGen: 373152K->384K(356352K)] 419269K->46773K(439808K), 0.0013708 secs] [Times: user=0.01 sys=0.00, real=0.00 secs] 
2018-06-02T21:32:28.358+0800: 52.154: [GC (Allocation Failure) [PSYoungGen: 356224K->384K(340480K)] 402613K->47029K(423936K), 0.0018400 secs] [Times: user=0.01 sys=0.00, real=0.00 secs] 
2018-06-02T21:32:28.523+0800: 52.320: [GC (Allocation Failure) [PSYoungGen: 340352K->288K(325120K)] 386997K->47165K(408576K), 0.0018865 secs] [Times: user=0.01 sys=0.00, real=0.00 secs] 
2018-06-02T21:32:28.684+0800: 52.481: [GC (Allocation Failure) [PSYoungGen: 324896K->256K(311296K)] 371773K->47357K(394752K), 0.0017768 secs] [Times: user=0.00 sys=0.00, real=0.00 secs] 
2018-06-02T21:32:28.843+0800: 52.640: [GC (Allocation Failure) [PSYoungGen: 310528K->288K(296960K)] 357629K->47605K(380416K), 0.0014639 secs] [Times: user=0.01 sys=0.00, real=0.00 secs] 
2018-06-02T21:32:29.008+0800: 52.805: [GC (Allocation Failure) [PSYoungGen: 296736K->256K(284160K)] 344053K->47781K(367616K), 0.0017477 secs] [Times: user=0.00 sys=0.00, real=0.00 secs] 
2018-06-02T21:32:29.145+0800: 52.942: [GC (Allocation Failure) [PSYoungGen: 283392K->256K(271360K)] 330917K->47989K(354816K), 0.0014291 secs] [Times: user=0.01 sys=0.00, real=0.00 secs] 
2018-06-02T21:32:29.284+0800: 53.081: [GC (Allocation Failure) [PSYoungGen: 271104K->256K(260096K)] 318837K->48181K(343552K), 0.0015287 secs] [Times: user=0.01 sys=0.00, real=0.00 secs] 
2018-06-02T21:32:29.407+0800: 53.204: [GC (Allocation Failure) [PSYoungGen: 259328K->224K(311808K)] 307253K->48333K(395264K), 0.0017144 secs] [Times: user=0.01 sys=0.01, real=0.00 secs] 
2018-06-02T21:32:29.557+0800: 53.354: [GC (Allocation Failure) [PSYoungGen: 311520K->288K(374784K)] 359629K->48581K(458240K), 0.0016618 secs] [Times: user=0.01 sys=0.00, real=0.00 secs] 
2018-06-02T21:32:29.741+0800: 53.538: [GC (Allocation Failure) [PSYoungGen: 374048K->384K(449024K)] 422341K->48885K(532480K), 0.0018069 secs] [Times: user=0.00 sys=0.00, real=0.01 secs] 
2018-06-02T21:32:29.992+0800: 53.788: [GC (Allocation Failure) [PSYoungGen: 448896K->416K(429056K)] 497397K->49157K(512512K), 0.0018056 secs] [Times: user=0.01 sys=0.00, real=0.00 secs] 
2018-06-02T21:32:30.203+0800: 54.000: [GC (Allocation Failure) [PSYoungGen: 428448K->416K(409088K)] 477189K->49445K(492544K), 0.0018636 secs] [Times: user=0.01 sys=0.00, real=0.00 secs] 
2018-06-02T21:32:30.406+0800: 54.203: [GC (Allocation Failure) [PSYoungGen: 408992K->416K(390656K)] 458021K->49717K(474112K), 0.0018364 secs] [Times: user=0.01 sys=0.00, real=0.00 secs] 
2018-06-02T21:32:30.595+0800: 54.391: [GC (Allocation Failure) [PSYoungGen: 390048K->384K(372224K)] 439349K->49949K(455680K), 0.0017463 secs] [Times: user=0.01 sys=0.00, real=0.00 secs] 
2018-06-02T21:32:30.776+0800: 54.573: [GC (Allocation Failure) [PSYoungGen: 372096K->384K(355840K)] 421661K->50205K(439296K), 0.0020579 secs] [Times: user=0.01 sys=0.00, real=0.00 secs] 
2018-06-02T21:32:30.972+0800: 54.769: [GC (Allocation Failure) [PSYoungGen: 355200K->320K(339456K)] 405021K->50381K(422912K), 0.0020394 secs] [Times: user=0.00 sys=0.00, real=0.00 secs] 
2018-06-02T21:32:31.142+0800: 54.939: [GC (Allocation Failure) [PSYoungGen: 339264K->288K(408064K)] 389325K->50581K(491520K), 0.0034190 secs] [Times: user=0.02 sys=0.00, real=0.01 secs] 
2018-06-02T21:32:31.347+0800: 55.144: [GC (Allocation Failure) [PSYoungGen: 407328K->416K(488960K)] 457621K->50941K(572416K), 0.0018161 secs] [Times: user=0.01 sys=0.00, real=0.00 secs] 
2018-06-02T21:32:31.594+0800: 55.391: [GC (Allocation Failure) [PSYoungGen: 488864K->416K(466944K)] 539389K->51197K(550400K), 0.0015165 secs] [Times: user=0.01 sys=0.01, real=0.00 secs] 
2018-06-02T21:32:31.824+0800: 55.621: [GC (Allocation Failure) [PSYoungGen: 466336K->320K(559616K)] 517117K->51397K(643072K), 0.0062114 secs] [Times: user=0.03 sys=0.00, real=0.00 secs] 
2018-06-02T21:32:32.133+0800: 55.930: [GC (Allocation Failure) [PSYoungGen: 559424K->448K(657408K)] 610501K->51829K(740864K), 0.0017633 secs] [Times: user=0.01 sys=0.00, real=0.00 secs] 
2018-06-02T21:32:32.458+0800: 56.255: [GC (Allocation Failure) [PSYoungGen: 656832K->480K(665088K)] 708213K->52221K(748544K), 0.0022921 secs] [Times: user=0.02 sys=0.00, real=0.00 secs] 
2018-06-02T21:32:32.787+0800: 56.584: [GC (Allocation Failure) [PSYoungGen: 664544K->480K(633344K)] 716285K->52637K(716800K), 0.0024335 secs] [Times: user=0.02 sys=0.00, real=0.00 secs] 
2018-06-02T21:32:33.149+0800: 56.946: [GC (Allocation Failure) [PSYoungGen: 633312K->448K(603648K)] 685469K->53013K(687104K), 0.0020113 secs] [Times: user=0.01 sys=0.00, real=0.01 secs] 
2018-06-02T21:32:33.452+0800: 57.249: [GC (Allocation Failure) [PSYoungGen: 603584K->480K(575488K)] 656149K->53437K(658944K), 0.0016043 secs] [Times: user=0.01 sys=0.00, real=0.00 secs] 
2018-06-02T21:32:33.747+0800: 57.544: [GC (Allocation Failure) [PSYoungGen: 574944K->480K(664064K)] 627901K->55869K(747520K), 0.0061541 secs] [Times: user=0.04 sys=0.01, real=0.01 secs] 
2018-06-02T21:32:34.131+0800: 57.928: [GC (Allocation Failure) [PSYoungGen: 663520K->512K(664064K)] 718909K->56269K(747520K), 0.0032974 secs] [Times: user=0.01 sys=0.00, real=0.01 secs] 
2018-06-02T21:32:34.478+0800: 58.274: [GC (Allocation Failure) [PSYoungGen: 663552K->512K(632320K)] 719309K->56709K(715776K), 0.0024316 secs] [Times: user=0.01 sys=0.01, real=0.00 secs] 
2018-06-02T21:32:34.800+0800: 58.596: [GC (Allocation Failure) [PSYoungGen: 632320K->544K(603136K)] 688517K->57181K(686592K), 0.0024797 secs] [Times: user=0.01 sys=0.00, real=0.00 secs] 
2018-06-02T21:32:35.128+0800: 58.925: [GC (Allocation Failure) [PSYoungGen: 602656K->512K(574464K)] 659293K->57573K(657920K), 0.0022803 secs] [Times: user=0.01 sys=0.00, real=0.00 secs] 
2018-06-02T21:32:35.426+0800: 59.223: [GC (Allocation Failure) [PSYoungGen: 574464K->480K(547840K)] 631525K->57941K(631296K), 0.0020384 secs] [Times: user=0.01 sys=0.00, real=0.00 secs] 
2018-06-02T21:32:35.699+0800: 59.496: [GC (Allocation Failure) [PSYoungGen: 547296K->416K(521728K)] 604757K->58261K(605184K), 0.0020637 secs] [Times: user=0.01 sys=0.00, real=0.00 secs] 
2018-06-02T21:32:35.987+0800: 59.784: [GC (Allocation Failure) [PSYoungGen: 521632K->416K(497664K)] 579477K->58613K(581120K), 0.0019699 secs] [Times: user=0.01 sys=0.00, real=0.00 secs] 
2018-06-02T21:32:36.237+0800: 60.034: [GC (Allocation Failure) [PSYoungGen: 497056K->416K(474112K)] 555253K->58949K(557568K), 0.0024086 secs] [Times: user=0.01 sys=0.00, real=0.00 secs] 
2018-06-02T21:32:36.464+0800: 60.261: [GC (Allocation Failure) [PSYoungGen: 474016K->416K(452608K)] 532549K->59269K(536064K), 0.0017878 secs] [Times: user=0.01 sys=0.00, real=0.00 secs] 
2018-06-02T21:32:36.688+0800: 60.485: [GC (Allocation Failure) [PSYoungGen: 452000K->384K(431104K)] 510853K->59541K(514560K), 0.0017877 secs] [Times: user=0.01 sys=0.00, real=0.00 secs] 
2018-06-02T21:32:36.927+0800: 60.724: [GC (Allocation Failure) [PSYoungGen: 430976K->384K(411648K)] 490133K->59837K(495104K), 0.0025861 secs] [Times: user=0.02 sys=0.00, real=0.00 secs] 
2018-06-02T21:32:37.135+0800: 60.932: [GC (Allocation Failure) [PSYoungGen: 411008K->320K(392192K)] 470461K->60045K(475648K), 0.0029217 secs] [Times: user=0.01 sys=0.00, real=0.00 secs] 
2018-06-02T21:32:37.340+0800: 61.137: [GC (Allocation Failure) [PSYoungGen: 392000K->384K(374784K)] 451725K->60397K(458240K), 0.0015618 secs] [Times: user=0.01 sys=0.00, real=0.00 secs] 
2018-06-02T21:32:37.520+0800: 61.317: [GC (Allocation Failure) [PSYoungGen: 374144K->320K(449024K)] 434157K->60597K(532480K), 0.0025206 secs] [Times: user=0.01 sys=0.00, real=0.00 secs] 
2018-06-02T21:32:37.744+0800: 61.541: [GC (Allocation Failure) [PSYoungGen: 448832K->384K(429056K)] 509109K->60917K(512512K), 0.0018111 secs] [Times: user=0.01 sys=0.00, real=0.00 secs] 
2018-06-02T21:32:37.984+0800: 61.781: [GC (Allocation Failure) [PSYoungGen: 428416K->384K(409088K)] 488949K->61213K(492544K), 0.0020161 secs] [Times: user=0.01 sys=0.00, real=0.00 secs] 
2018-06-02T21:32:38.189+0800: 61.985: [GC (Allocation Failure) [PSYoungGen: 408960K->384K(390656K)] 469789K->61501K(474112K), 0.0020924 secs] [Times: user=0.01 sys=0.01, real=0.00 secs] 
2018-06-02T21:32:38.389+0800: 62.186: [GC (Allocation Failure) [PSYoungGen: 390016K->384K(372224K)] 451133K->61773K(455680K), 0.0017392 secs] [Times: user=0.01 sys=0.00, real=0.01 secs] 
2018-06-02T21:32:38.572+0800: 62.369: [GC (Allocation Failure) [PSYoungGen: 372096K->384K(355840K)] 433485K->62029K(439296K), 0.0019215 secs] [Times: user=0.01 sys=0.00, real=0.00 secs] 
2018-06-02T21:32:38.756+0800: 62.553: [GC (Allocation Failure) [PSYoungGen: 355200K->320K(426496K)] 416845K->62205K(509952K), 0.0027764 secs] [Times: user=0.02 sys=0.00, real=0.00 secs] 
2018-06-02T21:32:38.993+0800: 62.790: [GC (Allocation Failure) [PSYoungGen: 426304K->384K(407552K)] 488189K->62509K(491008K), 0.0019340 secs] [Times: user=0.01 sys=0.00, real=0.00 secs] 
2018-06-02T21:32:39.204+0800: 63.001: [GC (Allocation Failure) [PSYoungGen: 406912K->384K(388608K)] 469037K->62789K(472064K), 0.0020225 secs] [Times: user=0.01 sys=0.00, real=0.00 secs] 
2018-06-02T21:32:39.397+0800: 63.194: [GC (Allocation Failure) [PSYoungGen: 388480K->384K(370688K)] 450885K->63061K(454144K), 0.0018862 secs] [Times: user=0.01 sys=0.00, real=0.00 secs] 
2018-06-02T21:32:39.575+0800: 63.372: [GC (Allocation Failure) [PSYoungGen: 370560K->352K(444928K)] 433237K->63277K(528384K), 0.0020216 secs] [Times: user=0.01 sys=0.00, real=0.00 secs] 
2018-06-02T21:32:39.805+0800: 63.602: [GC (Allocation Failure) [PSYoungGen: 444768K->384K(534016K)] 507693K->63557K(617472K), 0.0024561 secs] [Times: user=0.01 sys=0.00, real=0.00 secs] 
2018-06-02T21:32:40.099+0800: 63.896: [GC (Allocation Failure) [PSYoungGen: 533888K->448K(508928K)] 597061K->63909K(592384K), 0.0016603 secs] [Times: user=0.01 sys=0.00, real=0.00 secs] 
2018-06-02T21:32:40.356+0800: 64.153: [GC (Allocation Failure) [PSYoungGen: 508864K->416K(485376K)] 572325K->64213K(568832K), 0.0018959 secs] [Times: user=0.01 sys=0.00, real=0.00 secs] 
2018-06-02T21:32:40.592+0800: 64.389: [GC (Allocation Failure) [PSYoungGen: 485280K->416K(462848K)] 549077K->64533K(546304K), 0.0017077 secs] [Times: user=0.01 sys=0.00, real=0.00 secs] 
2018-06-02T21:32:40.832+0800: 64.629: [GC (Allocation Failure) [PSYoungGen: 462752K->384K(555520K)] 526869K->64813K(638976K), 0.0041493 secs] [Times: user=0.02 sys=0.00, real=0.00 secs] 
2018-06-02T21:32:41.129+0800: 64.926: [GC (Allocation Failure) [PSYoungGen: 555392K->416K(529408K)] 619821K->65141K(612864K), 0.0018471 secs] [Times: user=0.01 sys=0.00, real=0.00 secs] 
2018-06-02T21:32:41.404+0800: 65.201: [GC (Allocation Failure) [PSYoungGen: 529312K->416K(504832K)] 594037K->65485K(588288K), 0.0021218 secs] [Times: user=0.01 sys=0.00, real=0.00 secs] 
2018-06-02T21:32:41.653+0800: 65.450: [GC (Allocation Failure) [PSYoungGen: 504736K->448K(481280K)] 569805K->65853K(564736K), 0.0020201 secs] [Times: user=0.01 sys=0.00, real=0.00 secs] 
2018-06-02T21:32:41.900+0800: 65.696: [GC (Allocation Failure) [PSYoungGen: 481216K->416K(458752K)] 546621K->66141K(542208K), 0.0028079 secs] [Times: user=0.01 sys=0.00, real=0.00 secs] 
2018-06-02T21:32:42.146+0800: 65.943: [GC (Allocation Failure) [PSYoungGen: 458656K->384K(437760K)] 524381K->66421K(521216K), 0.0022291 secs] [Times: user=0.01 sys=0.00, real=0.00 secs] 
2018-06-02T21:32:42.366+0800: 66.163: [GC (Allocation Failure) [PSYoungGen: 437632K->384K(417792K)] 503669K->66725K(501248K), 0.0019501 secs] [Times: user=0.01 sys=0.00, real=0.00 secs] 
2018-06-02T21:32:42.566+0800: 66.363: [GC (Allocation Failure) [PSYoungGen: 417664K->384K(398848K)] 484005K->67013K(482304K), 0.0023723 secs] [Times: user=0.02 sys=0.00, real=0.00 secs] 
2018-06-02T21:32:42.764+0800: 66.561: [GC (Allocation Failure) [PSYoungGen: 398720K->384K(380416K)] 465349K->67285K(463872K), 0.0017629 secs] [Times: user=0.01 sys=0.00, real=0.00 secs] 
2018-06-02T21:32:42.972+0800: 66.769: [GC (Allocation Failure) [PSYoungGen: 380288K->384K(363008K)] 447189K->67549K(446464K), 0.0017034 secs] [Times: user=0.01 sys=0.00, real=0.00 secs] 
2018-06-02T21:32:43.161+0800: 66.958: [GC (Allocation Failure) [PSYoungGen: 362880K->384K(346624K)] 430045K->67805K(430080K), 0.0018646 secs] [Times: user=0.01 sys=0.00, real=0.00 secs] 
2018-06-02T21:32:43.333+0800: 67.129: [GC (Allocation Failure) [PSYoungGen: 346496K->384K(330752K)] 413917K->68053K(414208K), 0.0017756 secs] [Times: user=0.01 sys=0.00, real=0.00 secs] 
2018-06-02T21:32:43.496+0800: 67.293: [GC (Allocation Failure) [PSYoungGen: 330624K->384K(315904K)] 398293K->68293K(399360K), 0.0017074 secs] [Times: user=0.01 sys=0.00, real=0.00 secs] 
2018-06-02T21:32:43.649+0800: 67.446: [GC (Allocation Failure) [PSYoungGen: 315776K->352K(379392K)] 383685K->68477K(462848K), 0.0020050 secs] [Times: user=0.01 sys=0.00, real=0.00 secs] 
2018-06-02T21:32:43.846+0800: 67.643: [GC (Allocation Failure) [PSYoungGen: 379232K->352K(361984K)] 447357K->68685K(445440K), 0.0017604 secs] [Times: user=0.01 sys=0.00, real=0.00 secs] 
2018-06-02T21:32:44.043+0800: 67.840: [GC (Allocation Failure) [PSYoungGen: 361824K->384K(345600K)] 430157K->68965K(429056K), 0.0016940 secs] [Times: user=0.01 sys=0.01, real=0.01 secs] 
2018-06-02T21:32:44.220+0800: 68.017: [GC (Allocation Failure) [PSYoungGen: 345472K->384K(330240K)] 414053K->69213K(413696K), 0.0017407 secs] [Times: user=0.01 sys=0.00, real=0.00 secs] 
2018-06-02T21:32:44.382+0800: 68.179: [GC (Allocation Failure) [PSYoungGen: 330112K->384K(315392K)] 398941K->69437K(398848K), 0.0017660 secs] [Times: user=0.01 sys=0.00, real=0.01 secs] 
2018-06-02T21:32:44.537+0800: 68.334: [GC (Allocation Failure) [PSYoungGen: 315264K->320K(378368K)] 384317K->69597K(461824K), 0.0021176 secs] [Times: user=0.01 sys=0.00, real=0.00 secs] 
2018-06-02T21:32:44.726+0800: 68.523: [GC (Allocation Failure) [PSYoungGen: 378176K->384K(454144K)] 447453K->69885K(537600K), 0.0017527 secs] [Times: user=0.01 sys=0.00, real=0.00 secs] 
2018-06-02T21:32:44.973+0800: 68.770: [GC (Allocation Failure) [PSYoungGen: 454016K->352K(433152K)] 523517K->70101K(516608K), 0.0019220 secs] [Times: user=0.01 sys=0.00, real=0.00 secs] 
2018-06-02T21:32:45.196+0800: 68.993: [GC (Allocation Failure) [PSYoungGen: 432992K->416K(413184K)] 502741K->70469K(496640K), 0.0015838 secs] [Times: user=0.00 sys=0.00, real=0.00 secs] 
2018-06-02T21:32:45.399+0800: 69.196: [GC (Allocation Failure) [PSYoungGen: 413088K->384K(394240K)] 483141K->70717K(477696K), 0.0021888 secs] [Times: user=0.01 sys=0.00, real=0.00 secs] 
2018-06-02T21:32:45.588+0800: 69.385: [GC (Allocation Failure) [PSYoungGen: 394112K->384K(376320K)] 464445K->70989K(459776K), 0.0017256 secs] [Times: user=0.01 sys=0.00, real=0.00 secs] 
2018-06-02T21:32:45.776+0800: 69.573: [GC (Allocation Failure) [PSYoungGen: 376192K->384K(359424K)] 446797K->71253K(442880K), 0.0016582 secs] [Times: user=0.01 sys=0.00, real=0.00 secs] 
2018-06-02T21:32:45.974+0800: 69.771: [GC (Allocation Failure) [PSYoungGen: 359296K->384K(343040K)] 430165K->71501K(426496K), 0.0017353 secs] [Times: user=0.01 sys=0.00, real=0.00 secs] 
2018-06-02T21:32:46.146+0800: 69.943: [GC (Allocation Failure) [PSYoungGen: 342912K->320K(411648K)] 414029K->71669K(495104K), 0.0025845 secs] [Times: user=0.01 sys=0.00, real=0.00 secs] 
2018-06-02T21:32:46.351+0800: 70.148: [GC (Allocation Failure) [PSYoungGen: 411456K->384K(392704K)] 482805K->71965K(476160K), 0.0018523 secs] [Times: user=0.01 sys=0.00, real=0.01 secs] 
2018-06-02T21:32:46.541+0800: 70.338: [GC (Allocation Failure) [PSYoungGen: 392576K->384K(374784K)] 464157K->72245K(458240K), 0.0018361 secs] [Times: user=0.01 sys=0.00, real=0.00 secs] 
2018-06-02T21:32:46.734+0800: 70.531: [GC (Allocation Failure) [PSYoungGen: 374656K->320K(357888K)] 446517K->72437K(441344K), 0.0018424 secs] [Times: user=0.01 sys=0.00, real=0.00 secs] 
2018-06-02T21:32:46.946+0800: 70.742: [GC (Allocation Failure) [PSYoungGen: 357696K->288K(341504K)] 429813K->72645K(424960K), 0.0023853 secs] [Times: user=0.01 sys=0.00, real=0.00 secs] 
2018-06-02T21:32:47.128+0800: 70.925: [GC (Allocation Failure) [PSYoungGen: 341280K->320K(410112K)] 413637K->72917K(493568K), 0.0022176 secs] [Times: user=0.01 sys=0.00, real=0.00 secs] 
2018-06-02T21:32:47.344+0800: 71.141: [GC (Allocation Failure) [PSYoungGen: 409920K->352K(492032K)] 482517K->73181K(575488K), 0.0022791 secs] [Times: user=0.01 sys=0.00, real=0.00 secs] 
2018-06-02T21:32:47.586+0800: 71.383: [GC (Allocation Failure) [PSYoungGen: 491872K->384K(468992K)] 564701K->73493K(552448K), 0.0020699 secs] [Times: user=0.01 sys=0.00, real=0.00 secs] 
2018-06-02T21:32:47.827+0800: 71.624: [GC (Allocation Failure) [PSYoungGen: 468864K->448K(562688K)] 541973K->73861K(646144K), 0.0057924 secs] [Times: user=0.02 sys=0.00, real=0.01 secs] 
2018-06-02T21:32:48.130+0800: 71.926: [GC (Allocation Failure) [PSYoungGen: 562624K->416K(660480K)] 636037K->74133K(743936K), 0.0021743 secs] [Times: user=0.01 sys=0.00, real=0.01 secs] 
2018-06-02T21:32:48.456+0800: 72.253: [GC (Allocation Failure) [PSYoungGen: 660384K->512K(660480K)] 734101K->74589K(743936K), 0.0022522 secs] [Times: user=0.01 sys=0.00, real=0.00 secs] 
2018-06-02T21:32:48.779+0800: 72.575: [GC (Allocation Failure) [PSYoungGen: 660480K->448K(629248K)] 734557K->74933K(712704K), 0.0021835 secs] [Times: user=0.01 sys=0.00, real=0.00 secs] 
2018-06-02T21:32:49.128+0800: 72.924: [GC (Allocation Failure) [PSYoungGen: 629184K->480K(600064K)] 703669K->75365K(683520K), 0.0030284 secs] [Times: user=0.02 sys=0.00, real=0.00 secs] 
2018-06-02T21:32:49.434+0800: 73.230: [GC (Allocation Failure) [PSYoungGen: 599520K->448K(571392K)] 674405K->75725K(654848K), 0.0022753 secs] [Times: user=0.01 sys=0.00, real=0.00 secs] 
2018-06-02T21:32:49.713+0800: 73.510: [GC (Allocation Failure) [PSYoungGen: 571328K->448K(545280K)] 646605K->76101K(628736K), 0.0022590 secs] [Times: user=0.01 sys=0.00, real=0.00 secs] 
2018-06-02T21:32:50.004+0800: 73.801: [GC (Allocation Failure) [PSYoungGen: 544704K->448K(519168K)] 620357K->76461K(602624K), 0.0020125 secs] [Times: user=0.02 sys=0.00, real=0.00 secs] 
2018-06-02T21:32:50.265+0800: 74.062: [GC (Allocation Failure) [PSYoungGen: 519104K->416K(495616K)] 595117K->76773K(579072K), 0.0021279 secs] [Times: user=0.02 sys=0.00, real=0.00 secs] 
2018-06-02T21:32:50.509+0800: 74.306: [GC (Allocation Failure) [PSYoungGen: 495008K->416K(472064K)] 571365K->77109K(555520K), 0.0020611 secs] [Times: user=0.01 sys=0.00, real=0.01 secs] 
2018-06-02T21:32:50.743+0800: 74.540: [GC (Allocation Failure) [PSYoungGen: 471968K->416K(450560K)] 548661K->77429K(534016K), 0.0021404 secs] [Times: user=0.01 sys=0.00, real=0.00 secs] 
2018-06-02T21:32:50.985+0800: 74.781: [GC (Allocation Failure) [PSYoungGen: 449952K->384K(429056K)] 526965K->77709K(512512K), 0.0021826 secs] [Times: user=0.01 sys=0.00, real=0.00 secs] 
2018-06-02T21:32:51.210+0800: 75.007: [GC (Allocation Failure) [PSYoungGen: 428928K->384K(409088K)] 506253K->78005K(492544K), 0.0020281 secs] [Times: user=0.01 sys=0.00, real=0.01 secs] 
2018-06-02T21:32:51.408+0800: 75.205: [GC (Allocation Failure) [PSYoungGen: 408960K->384K(390144K)] 486581K->78277K(473600K), 0.0021589 secs] [Times: user=0.01 sys=0.00, real=0.00 secs] 
2018-06-02T21:32:51.604+0800: 75.401: [GC (Allocation Failure) [PSYoungGen: 390016K->384K(372224K)] 467909K->78549K(455680K), 0.0018034 secs] [Times: user=0.01 sys=0.00, real=0.00 secs] 
2018-06-02T21:32:51.790+0800: 75.587: [GC (Allocation Failure) [PSYoungGen: 372096K->384K(355328K)] 450261K->78813K(438784K), 0.0016630 secs] [Times: user=0.01 sys=0.00, real=0.01 secs] 
2018-06-02T21:32:51.988+0800: 75.785: [GC (Allocation Failure) [PSYoungGen: 355200K->352K(339456K)] 433629K->79021K(422912K), 0.0020192 secs] [Times: user=0.01 sys=0.00, real=0.00 secs] 
2018-06-02T21:32:52.159+0800: 75.956: [GC (Allocation Failure) [PSYoungGen: 339296K->352K(407552K)] 417965K->79269K(491008K), 0.0022934 secs] [Times: user=0.01 sys=0.00, real=0.00 secs] 
2018-06-02T21:32:52.360+0800: 76.157: [GC (Allocation Failure) [PSYoungGen: 407392K->352K(389120K)] 486309K->79501K(472576K), 0.0015926 secs] [Times: user=0.01 sys=0.00, real=0.00 secs] 
2018-06-02T21:32:52.546+0800: 76.343: [GC (Allocation Failure) [PSYoungGen: 388960K->384K(371200K)] 468109K->79805K(454656K), 0.0020424 secs] [Times: user=0.01 sys=0.00, real=0.00 secs] 
2018-06-02T21:32:52.727+0800: 76.524: [GC (Allocation Failure) [PSYoungGen: 371072K->384K(354304K)] 450493K->80061K(437760K), 0.0019331 secs] [Times: user=0.01 sys=0.00, real=0.00 secs] 
2018-06-02T21:32:52.918+0800: 76.715: [GC (Allocation Failure) [PSYoungGen: 354176K->288K(425472K)] 433853K->80205K(508928K), 0.0026381 secs] [Times: user=0.02 sys=0.00, real=0.00 secs] 
2018-06-02T21:32:53.134+0800: 76.931: [GC (Allocation Failure) [PSYoungGen: 425248K->352K(510464K)] 505165K->80509K(593920K), 0.0041717 secs] [Times: user=0.03 sys=0.00, real=0.00 secs] 
2018-06-02T21:32:53.397+0800: 77.194: [GC (Allocation Failure) [PSYoungGen: 510304K->448K(612864K)] 590461K->80901K(696320K), 0.0023027 secs] [Times: user=0.01 sys=0.00, real=0.00 secs] 
2018-06-02T21:32:53.709+0800: 77.505: [GC (Allocation Failure) [PSYoungGen: 612800K->480K(664064K)] 693253K->81269K(747520K), 0.0024167 secs] [Times: user=0.01 sys=0.00, real=0.00 secs] 
2018-06-02T21:32:54.075+0800: 77.872: [GC (Allocation Failure) [PSYoungGen: 664032K->576K(633344K)] 744821K->81765K(716800K), 0.0023072 secs] [Times: user=0.01 sys=0.00, real=0.00 secs] 
2018-06-02T21:32:54.404+0800: 78.201: [GC (Allocation Failure) [PSYoungGen: 632896K->480K(603136K)] 714085K->82093K(686592K), 0.0032763 secs] [Times: user=0.01 sys=0.01, real=0.00 secs] 
2018-06-02T21:32:54.710+0800: 78.507: [GC (Allocation Failure) [PSYoungGen: 603104K->448K(574976K)] 684717K->82477K(658432K), 0.0026637 secs] [Times: user=0.01 sys=0.00, real=0.01 secs] 
2018-06-02T21:32:55.017+0800: 78.814: [GC (Allocation Failure) [PSYoungGen: 574912K->448K(548352K)] 656941K->82885K(631808K), 0.0024410 secs] [Times: user=0.01 sys=0.00, real=0.00 secs] 
2018-06-02T21:32:55.289+0800: 79.086: [GC (Allocation Failure) [PSYoungGen: 547776K->416K(522240K)] 630213K->83221K(605696K), 0.0020117 secs] [Times: user=0.01 sys=0.00, real=0.00 secs] 
2018-06-02T21:32:55.542+0800: 79.339: [GC (Allocation Failure) [PSYoungGen: 522144K->448K(498176K)] 604949K->83589K(581632K), 0.0021993 secs] [Times: user=0.00 sys=0.01, real=0.01 secs] 
2018-06-02T21:32:55.545+0800: 79.341: [Full GC (Ergonomics) [PSYoungGen: 448K->0K(498176K)] [ParOldGen: 83141K->72520K(113152K)] 83589K->72520K(611328K), [Metaspace: 9501K->9501K(1058816K)], 0.2487316 secs] [Times: user=1.67 sys=0.01, real=0.25 secs] 
2018-06-02T21:32:56.063+0800: 79.860: [GC (Allocation Failure) [PSYoungGen: 497152K->416K(568320K)] 569672K->72936K(681472K), 0.0022427 secs] [Times: user=0.01 sys=0.00, real=0.01 secs] 
2018-06-02T21:32:56.341+0800: 80.138: [GC (Allocation Failure) [PSYoungGen: 568224K->384K(650240K)] 640744K->73216K(763392K), 0.0026638 secs] [Times: user=0.01 sys=0.00, real=0.01 secs] 
2018-06-02T21:32:56.651+0800: 80.448: [GC (Allocation Failure) [PSYoungGen: 649600K->512K(663040K)] 722432K->73696K(776192K), 0.0026284 secs] [Times: user=0.02 sys=0.00, real=0.00 secs] 
2018-06-02T21:32:57.000+0800: 80.797: [GC (Allocation Failure) [PSYoungGen: 662528K->480K(663040K)] 735712K->74064K(776192K), 0.0017635 secs] [Times: user=0.01 sys=0.00, real=0.00 secs] 
2018-06-02T21:32:57.325+0800: 81.122: [GC (Allocation Failure) [PSYoungGen: 662496K->480K(665088K)] 736080K->74480K(778240K), 0.0022524 secs] [Times: user=0.00 sys=0.00, real=0.00 secs] 
2018-06-02T21:32:57.656+0800: 81.453: [GC (Allocation Failure) [PSYoungGen: 664544K->480K(633344K)] 738544K->74880K(746496K), 0.0020171 secs] [Times: user=0.01 sys=0.00, real=0.00 secs] 
2018-06-02T21:32:57.990+0800: 81.786: [GC (Allocation Failure) [PSYoungGen: 633312K->480K(603648K)] 707712K->75288K(716800K), 0.0021944 secs] [Times: user=0.01 sys=0.00, real=0.01 secs] 
2018-06-02T21:32:58.300+0800: 82.097: [GC (Allocation Failure) [PSYoungGen: 603616K->480K(576000K)] 678424K->75680K(689152K), 0.0021253 secs] [Times: user=0.01 sys=0.00, real=0.00 secs] 
2018-06-02T21:32:58.582+0800: 82.379: [GC (Allocation Failure) [PSYoungGen: 575456K->480K(548864K)] 650656K->76064K(662016K), 0.0021670 secs] [Times: user=0.01 sys=0.00, real=0.01 secs] 
2018-06-02T21:32:58.865+0800: 82.662: [GC (Allocation Failure) [PSYoungGen: 548832K->384K(630784K)] 624416K->76312K(743936K), 0.0042719 secs] [Times: user=0.02 sys=0.00, real=0.00 secs] 
2018-06-02T21:32:59.206+0800: 83.003: [GC (Allocation Failure) [PSYoungGen: 630144K->480K(663552K)] 706072K->76760K(776704K), 0.0023148 secs] [Times: user=0.01 sys=0.00, real=0.00 secs] 
2018-06-02T21:32:59.529+0800: 83.326: [GC (Allocation Failure) [PSYoungGen: 663008K->480K(663552K)] 739288K->77152K(776704K), 0.0019840 secs] [Times: user=0.01 sys=0.00, real=0.00 secs] 
2018-06-02T21:32:59.860+0800: 83.657: [GC (Allocation Failure) [PSYoungGen: 663008K->544K(665088K)] 739680K->77616K(778240K), 0.0026457 secs] [Times: user=0.01 sys=0.00, real=0.00 secs] 
2018-06-02T21:33:00.206+0800: 84.002: [GC (Allocation Failure) [PSYoungGen: 664608K->480K(665088K)] 741680K->77952K(778240K), 0.0020670 secs] [Times: user=0.01 sys=0.00, real=0.00 secs] 
2018-06-02T21:33:00.536+0800: 84.333: [GC (Allocation Failure) [PSYoungGen: 664544K->480K(665088K)] 742016K->78360K(778240K), 0.0023060 secs] [Times: user=0.02 sys=0.00, real=0.00 secs] 
2018-06-02T21:33:00.867+0800: 84.664: [GC (Allocation Failure) [PSYoungGen: 664544K->480K(633344K)] 742424K->78776K(746496K), 0.0019632 secs] [Times: user=0.02 sys=0.00, real=0.00 secs] 
2018-06-02T21:33:01.210+0800: 85.007: [GC (Allocation Failure) [PSYoungGen: 633312K->480K(603648K)] 711608K->79184K(716800K), 0.0022681 secs] [Times: user=0.00 sys=0.01, real=0.01 secs] 
2018-06-02T21:33:01.505+0800: 85.302: [GC (Allocation Failure) [PSYoungGen: 603616K->480K(664064K)] 682320K->79568K(777216K), 0.0035405 secs] [Times: user=0.01 sys=0.00, real=0.00 secs] 
2018-06-02T21:33:01.833+0800: 85.630: [GC (Allocation Failure) [PSYoungGen: 663520K->512K(665088K)] 742608K->79968K(778240K), 0.0025066 secs] [Times: user=0.01 sys=0.00, real=0.00 secs] 
2018-06-02T21:33:02.201+0800: 85.997: [GC (Allocation Failure) [PSYoungGen: 664576K->480K(665088K)] 744032K->80344K(778240K), 0.0019460 secs] [Times: user=0.01 sys=0.00, real=0.00 secs] 
2018-06-02T21:33:02.517+0800: 86.314: [GC (Allocation Failure) [PSYoungGen: 664544K->480K(665088K)] 744408K->80760K(778240K), 0.0020180 secs] [Times: user=0.01 sys=0.00, real=0.00 secs] 
2018-06-02T21:33:02.847+0800: 86.644: [GC (Allocation Failure) [PSYoungGen: 664544K->544K(665088K)] 744824K->81224K(778240K), 0.0025883 secs] [Times: user=0.01 sys=0.01, real=0.00 secs] 
2018-06-02T21:33:03.206+0800: 87.003: [GC (Allocation Failure) [PSYoungGen: 664608K->480K(633344K)] 745288K->81576K(746496K), 0.0020907 secs] [Times: user=0.01 sys=0.00, real=0.00 secs] 
2018-06-02T21:33:03.514+0800: 87.311: [GC (Allocation Failure) [PSYoungGen: 633312K->480K(604160K)] 714408K->81992K(717312K), 0.0021394 secs] [Times: user=0.01 sys=0.00, real=0.00 secs] 
2018-06-02T21:33:03.808+0800: 87.604: [GC (Allocation Failure) [PSYoungGen: 603616K->480K(575488K)] 685128K->82384K(688640K), 0.0020470 secs] [Times: user=0.01 sys=0.00, real=0.00 secs] 
2018-06-02T21:33:04.114+0800: 87.911: [GC (Allocation Failure) [PSYoungGen: 575456K->480K(549376K)] 657360K->82760K(662528K), 0.0019200 secs] [Times: user=0.02 sys=0.00, real=0.00 secs] 
2018-06-02T21:33:04.381+0800: 88.178: [GC (Allocation Failure) [PSYoungGen: 548832K->448K(523776K)] 631112K->83088K(636928K), 0.0019709 secs] [Times: user=0.01 sys=0.00, real=0.00 secs] 
2018-06-02T21:33:04.631+0800: 88.428: [GC (Allocation Failure) [PSYoungGen: 523712K->448K(596992K)] 606352K->83440K(710144K), 0.0020109 secs] [Times: user=0.01 sys=0.00, real=0.00 secs] 
2018-06-02T21:33:04.938+0800: 88.734: [GC (Allocation Failure) [PSYoungGen: 596416K->416K(663552K)] 679408K->83736K(776704K), 0.0032013 secs] [Times: user=0.02 sys=0.00, real=0.00 secs] 
2018-06-02T21:33:05.274+0800: 89.071: [GC (Allocation Failure) [PSYoungGen: 662944K->480K(663552K)] 746264K->84168K(776704K), 0.0018822 secs] [Times: user=0.01 sys=0.00, real=0.00 secs] 
2018-06-02T21:33:05.591+0800: 89.388: [GC (Allocation Failure) [PSYoungGen: 663008K->480K(665088K)] 746696K->84584K(778240K), 0.0024502 secs] [Times: user=0.01 sys=0.00, real=0.01 secs] 
2018-06-02T21:33:05.932+0800: 89.729: [GC (Allocation Failure) [PSYoungGen: 664544K->544K(665088K)] 748648K->85056K(778240K), 0.0023368 secs] [Times: user=0.01 sys=0.00, real=0.00 secs] 
2018-06-02T21:33:06.264+0800: 90.061: [GC (Allocation Failure) [PSYoungGen: 664608K->480K(665088K)] 749120K->85400K(778240K), 0.0023052 secs] [Times: user=0.01 sys=0.00, real=0.00 secs] 
2018-06-02T21:33:06.585+0800: 90.381: [GC (Allocation Failure) [PSYoungGen: 664544K->480K(665088K)] 749464K->85808K(778240K), 0.0021531 secs] [Times: user=0.02 sys=0.00, real=0.00 secs] 
2018-06-02T21:33:06.941+0800: 90.738: [GC (Allocation Failure) [PSYoungGen: 664544K->480K(665088K)] 749872K->86216K(778240K), 0.0039069 secs] [Times: user=0.02 sys=0.00, real=0.01 secs] 
2018-06-02T21:33:07.273+0800: 91.070: [GC (Allocation Failure) [PSYoungGen: 664544K->480K(665088K)] 750280K->86632K(778240K), 0.0026025 secs] [Times: user=0.02 sys=0.00, real=0.00 secs] 
2018-06-02T21:33:07.596+0800: 91.393: [GC (Allocation Failure) [PSYoungGen: 664544K->480K(665088K)] 750696K->87040K(778240K), 0.0040094 secs] [Times: user=0.02 sys=0.00, real=0.00 secs] 
2018-06-02T21:33:08.016+0800: 91.813: [GC (Allocation Failure) [PSYoungGen: 664544K->480K(665088K)] 751104K->87440K(778240K), 0.0062684 secs] [Times: user=0.03 sys=0.00, real=0.00 secs] 
2018-06-02T21:33:08.377+0800: 92.174: [GC (Allocation Failure) [PSYoungGen: 664544K->480K(665088K)] 751504K->87864K(778240K), 0.0021419 secs] [Times: user=0.01 sys=0.00, real=0.00 secs] 
2018-06-02T21:33:08.790+0800: 92.586: [GC (Allocation Failure) [PSYoungGen: 664544K->512K(665088K)] 751928K->88296K(778240K), 0.0025429 secs] [Times: user=0.01 sys=0.00, real=0.01 secs] 
2018-06-02T21:33:09.208+0800: 93.005: [GC (Allocation Failure) [PSYoungGen: 664576K->480K(665088K)] 752360K->88680K(778240K), 0.0019879 secs] [Times: user=0.01 sys=0.00, real=0.00 secs] 
2018-06-02T21:33:09.567+0800: 93.363: [GC (Allocation Failure) [PSYoungGen: 664544K->480K(665088K)] 752744K->89096K(778240K), 0.0028309 secs] [Times: user=0.02 sys=0.00, real=0.00 secs] 
2018-06-02T21:33:09.987+0800: 93.783: [GC (Allocation Failure) [PSYoungGen: 664544K->480K(665088K)] 753160K->89496K(778240K), 0.0039810 secs] [Times: user=0.02 sys=0.00, real=0.00 secs] 
2018-06-02T21:33:10.378+0800: 94.174: [GC (Allocation Failure) [PSYoungGen: 664544K->480K(665088K)] 753560K->89904K(778240K), 0.0020431 secs] [Times: user=0.01 sys=0.00, real=0.00 secs] 
2018-06-02T21:33:10.701+0800: 94.498: [GC (Allocation Failure) [PSYoungGen: 664544K->480K(633344K)] 753968K->90320K(746496K), 0.0017407 secs] [Times: user=0.01 sys=0.00, real=0.00 secs] 
2018-06-02T21:33:11.043+0800: 94.840: [GC (Allocation Failure) [PSYoungGen: 633312K->480K(603648K)] 723152K->90728K(716800K), 0.0023450 secs] [Times: user=0.01 sys=0.00, real=0.00 secs] 
2018-06-02T21:33:11.348+0800: 95.145: [GC (Allocation Failure) [PSYoungGen: 603616K->448K(575488K)] 693864K->91088K(688640K), 0.0022633 secs] [Times: user=0.01 sys=0.00, real=0.00 secs] 
2018-06-02T21:33:11.652+0800: 95.449: [GC (Allocation Failure) [PSYoungGen: 575424K->480K(548864K)] 666064K->91504K(662016K), 0.0022075 secs] [Times: user=0.02 sys=0.00, real=0.00 secs] 
2018-06-02T21:33:11.969+0800: 95.765: [GC (Allocation Failure) [PSYoungGen: 548832K->416K(626176K)] 639856K->91792K(739328K), 0.0028230 secs] [Times: user=0.01 sys=0.00, real=0.01 secs] 
2018-06-02T21:33:12.353+0800: 96.150: [GC (Allocation Failure) [PSYoungGen: 626080K->480K(664576K)] 717456K->92208K(777728K), 0.0023290 secs] [Times: user=0.01 sys=0.00, real=0.00 secs] 
2018-06-02T21:33:12.710+0800: 96.507: [GC (Allocation Failure) [PSYoungGen: 664032K->480K(665088K)] 755760K->96704K(778240K), 0.0118934 secs] [Times: user=0.08 sys=0.00, real=0.01 secs] 
2018-06-02T21:33:13.077+0800: 96.874: [GC (Allocation Failure) [PSYoungGen: 664544K->480K(665088K)] 760768K->97112K(778240K), 0.0027473 secs] [Times: user=0.01 sys=0.00, real=0.00 secs] 
2018-06-02T21:33:29.637+0800: 113.434: [GC (Heap Dump Initiated GC) [PSYoungGen: 360832K->352K(664576K)] 457464K->97400K(777728K), 0.0028844 secs] [Times: user=0.02 sys=0.00, real=0.00 secs] 
2018-06-02T21:33:29.640+0800: 113.437: [Full GC (Heap Dump Initiated GC) [PSYoungGen: 352K->0K(664576K)] [ParOldGen: 97048K->93519K(150528K)] 97400K->93519K(815104K), [Metaspace: 9513K->9513K(1058816K)], 0.2373185 secs] [Times: user=1.53 sys=0.00, real=0.24 secs] 
Heap
 PSYoungGen      total 664576K, used 613307K [0x00000000d7580000, 0x0000000100000000, 0x0000000100000000)
  eden space 664064K, 92% used [0x00000000d7580000,0x00000000fcc6ed28,0x00000000ffe00000)
  from space 512K, 0% used [0x00000000fff00000,0x00000000fff00000,0x00000000fff80000)
  to   space 1024K, 0% used [0x00000000ffe00000,0x00000000ffe00000,0x00000000fff00000)
 ParOldGen       total 150528K, used 93519K [0x0000000086000000, 0x000000008f300000, 0x00000000d7580000)
  object space 150528K, 62% used [0x0000000086000000,0x000000008bb53d50,0x000000008f300000)
 Metaspace       used 9615K, capacity 10030K, committed 10240K, reserved 1058816K
  class space    used 1086K, capacity 1199K, committed 1280K, reserved 1048576K
